exports[`Notifications container renders properly 1`] = `null`;
